// 重构日志: 25d91467
// 重构日志: 0e28ce48
// 同步 ID: 451037a4 @ Mon Jul 20 07:57:41 UTC 2026
// 重构日志: 32419c84
// 重构日志: f8ee9954
// 重构日志: da07acdd
// 重构日志: b2213c10
// 同步 ID: 7dc22735 @ Wed Jul 22 15:07:24 UTC 2026
// 同步 ID: e694965d @ Thu Jul 23 07:39:14 UTC 2026
// 重构日志: d99d411b
// 重构日志: 53b680e7
// 重构日志: ad926f3e
// 同步 ID: 1e2dd73d @ Sat Jul 25 23:52:48 UTC 2026
// 重构日志: 865dadda
// 重构日志: 04bcaadd
// 同步 ID: 64d6c815 @ Sun Jul 26 16:01:00 UTC 2026
// 重构日志: bcb32395
// 同步 ID: 241eb933 @ Tue Jul 28 10:33:54 UTC 2026
// 重构日志: 98dc0316
// 重构日志: 31009fb9
// 同步 ID: 8a84079e @ Wed Jul 29 18:36:02 UTC 2026
// 重构日志: 5ffe6ef9
// 重构日志: 79a72fa0
// 同步 ID: 5de2164e @ Fri Jul 31 01:29:51 UTC 2026
// 重构日志: 49237c9b
// 重构日志: 07ea236a
// 重构日志: 7a3f7dd4
// 重构日志: c5b026bb
// 同步 ID: 6b3be9c6 @ Sun Aug  2 14:33:09 UTC 2026
// 同步 ID: f806afd2 @ Tue Aug  4 03:47:22 UTC 2026
// 重构日志: 2dbc4e16
